------------------------------------------------------------
Timing Analyzer Summary
------------------------------------------------------------

Type  : Slow 1200mV 85C Model Setup 'MAX10_CLK1_50'
Slack : -3.181
TNS   : -137.399

Type  : Slow 1200mV 85C Model Hold 'MAX10_CLK1_50'
Slack : 0.345
TNS   : 0.000

Type  : Slow 1200mV 85C Model Minimum Pulse Width 'MAX10_CLK1_50'
Slack : -3.000
TNS   : -120.852

Type  : Slow 1200mV 0C Model Setup 'MAX10_CLK1_50'
Slack : -2.874
TNS   : -118.040

Type  : Slow 1200mV 0C Model Hold 'MAX10_CLK1_50'
Slack : 0.312
TNS   : 0.000

Type  : Slow 1200mV 0C Model Minimum Pulse Width 'MAX10_CLK1_50'
Slack : -3.000
TNS   : -120.852

Type  : Fast 1200mV 0C Model Setup 'MAX10_CLK1_50'
Slack : -0.775
TNS   : -17.864

Type  : Fast 1200mV 0C Model Hold 'MAX10_CLK1_50'
Slack : 0.149
TNS   : 0.000

Type  : Fast 1200mV 0C Model Minimum Pulse Width 'MAX10_CLK1_50'
Slack : -3.000
TNS   : -89.858

------------------------------------------------------------
